H:ALT3:0000:0000:0008:2012151,07,40,15:URBAN-LLM:0019:ALT3
T:000000:00400005:ALT3
T:000001:20400006:ALT3
T:000002:00400007:ALT3
T:000003:A0008007:ALT3
T:000004:FC000000:ALT3
T:000005:0000000A:ALT3
T:000006:0000006F:ALT3
T:000007:00000000:ALT3
E:000A:0008:ALT3
