H:ALT3:0000:0008:0000:2012136,23,29,48:0019:URBAN-ASM:ALT3
T:0000:00400005:R:0:ALT3
T:0001:20400006:R:0:ALT3
T:0002:00400007:R:0:ALT3
T:0003:A0008007:R:0:ALT3
T:0004:FC000000:A:0:ALT3
T:0005:0000000A:A:0:ALT3
T:0006:0000006F:A:0:ALT3
T:0007:00000000:A:0:ALT3
E:000A:0000:0008:0000:ALT3
