Label          	Local Addr	Adjustment	Reloc. Addr	Module Len
ANDTEST        	         0	         0	          0	        43
