H:BNDCHK:0000:5F5E102:0000:2012136,23,26,54:0019:URBAN-ASM:BNDCHK
  Error 213: Execution Address is out of range
  Error 226: Header Module Length is out of range

E:0002:0000:0000:0000:BNDCHK
  Error 215: End Record appears without header record

