Label          	Local Addr	Adjustment	Reloc. Addr	Module Len
CLRATEST       	         0	         0	          0	         5
