H:SCBLNK:0000:0014:0016:2012151,07,40,15:URBAN-LLM:0019:SCBLNK
T:000014:F4000000:SCBLNK
T:000015:F4000000:SCBLNK
E:0004:0002:SCBLNK
