Label          	Local Addr	Adjustment	Reloc. Addr	Module Len
CWSRTEST       	         0	         0	          0	        20
