H:EXT:0000:000A:0011:2012151,07,40,15:URBAN-LLM:0019:EXT
T:00000A:00000000:EXT
T:00000B:34480000:EXT
T:00000C:A8150000:EXT
T:00000D:00000000:EXT
T:00000E:00000000:EXT
T:00000F:FFFFFDDF:EXT
T:000010:0000001A:EXT
E:0009:0007:EXT
