Label          	Local Addr	Adjustment	Reloc. Addr	Module Len
HLTTEST        	         0	         0	          0	         8
