Label          	Local Addr	Adjustment	Reloc. Addr	Module Len
IADDTEST       	         0	         0	          0	        43
