H:IDIVTEST:0000:0000:002B:2012151,07,40,15:URBAN-LLM:0019:IDIVTEST
T:000000:38000000:IDIVTEST
T:000001:38400064:IDIVTEST
T:000002:390803E8:IDIVTEST
T:000003:398808AE:IDIVTEST
T:000004:F4000000:IDIVTEST
T:000005:F4000000:IDIVTEST
T:000006:F4000000:IDIVTEST
T:000007:3800002A:IDIVTEST
T:000008:3840002A:IDIVTEST
T:000009:38800001:IDIVTEST
T:00000A:38400000:IDIVTEST
T:00000B:3888002A:IDIVTEST
T:00000C:3800000C:IDIVTEST
T:00000D:38000017:IDIVTEST
T:00000E:F4000000:IDIVTEST
T:00000F:F4000000:IDIVTEST
T:000010:F4000000:IDIVTEST
T:000011:F4000000:IDIVTEST
T:000012:F4000000:IDIVTEST
T:000013:F4000000:IDIVTEST
T:000014:F4000000:IDIVTEST
T:000015:F4000000:IDIVTEST
T:000016:F4000000:IDIVTEST
T:000018:F4000000:IDIVTEST
T:000019:F4000000:IDIVTEST
T:00001A:F4000000:IDIVTEST
T:000023:F4000000:IDIVTEST
T:000024:F4000000:IDIVTEST
T:000025:F4000000:IDIVTEST
T:000026:F4000000:IDIVTEST
T:000027:F4000000:IDIVTEST
T:000028:F4000000:IDIVTEST
T:000029:F4000000:IDIVTEST
T:00002A:00000000:IDIVTEST
E:0024:0022:IDIVTEST
