Label          	Local Addr	Adjustment	Reloc. Addr	Module Len
IMADTEST       	         0	         0	          0	        43
