Symbol			Assembler Address		Linker Address		Length		Adjustment
InvalidHex		000000					000000				0100		0000
