Label          	Local Addr	Adjustment	Reloc. Addr	Module Len
IWSRTEST       	         0	         0	          0	        20
