Label          	Local Addr	Adjustment	Reloc. Addr	Module Len
NOPTEST        	         0	         0	          0	         5
