Label          	Local Addr	Adjustment	Reloc. Addr	Module Len
PWRTEST        	         0	         0	          0	        10
