Symbol			Assembler Address		Linker Address		Length		Adjustment
PACKOS		000010					000010				0001		0000
Toledo		000000					000000				0100		0000
