H:Toledo:0000:0000:0100:2012145,15,35,39:URBAN-LLM:0019:Toledo
T:000000:00000080:Toledo
T:000001:00000064:Toledo
E:0004:0002:Toledo
