H:Toledo:000000:0100:0000:2011300,06,06,07:1000:URBAN-ASM:Toledo
L:PACKOS:000010:Toledo
T:000000:00000080:A:0:Toledo
T:000001:00000064:R:0:Toledo
E:0005:0001:0002:0000:Toledo
H:Colorado:000000:0050:0000:2011300,06,06,07:1000;URBAN-ASM:Colorado
  Error 223: Record does not contain enough fields

L:Rockies:000010:Colorado
T:000000:56000080:R:0:Colorado
  Error 206: Record contains incorrect program name

T:000001:FC000064:A:0:Colorado
  Error 206: Record contains incorrect program name

T:000002:00000000:C:1:Colorado
  Error 206: Record contains incorrect program name

M:000002:1:+:PACKOS:Colorado
  Error 206: Record contains incorrect program name

T:000003:00000200:C:1:Colorado
  Error 206: Record contains incorrect program name

M:000003:1:+:PACKOS:Colorado
  Error 206: Record contains incorrect program name

T:000004:00000030:C:2:Colorado
  Error 206: Record contains incorrect program name

M:000004:2:+:PACKOS:+:PACKOS:Colorado
  Error 206: Record contains incorrect program name

T:000005:00000040:C:2:Colorado
  Error 206: Record contains incorrect program name

M:000005:2:+:PACKOS:+:Rockies:Colorado
  Error 230: Error in modification symbol: Undefined symbol
  Error 206: Record contains incorrect program name

E:000D:0001:0006:0004:Colorado
  Error 215: End Record appears without header record

