H:TestRecords:0000:0010:0000:2012001,22,00,00:0001:URBAN-ASM:TestRecords
T:0000:00000000:A:0:TestRecords
T:0001:00000001:A:0:TestRecords
T:0002:00000020:A:0:TestRecords
T:0003:00000030:A:0:TestRecords
T:0004:00000400:A:0:TestRecords
T:0005:00000500:A:0:TestRecords
T:0006:00006000:A:0:TestRecords
T:0007:00007000:A:0:TestRecords
T:0008:00080000:A:0:TestRecords
T:0009:00090000:A:0:TestRecords
T:000A:00A00000:A:0:TestRecords
T:000B:00B00000:A:0:TestRecords
T:000C:0C000000:A:0:TestRecords
T:000D:0D000000:A:0:TestRecords
T:000E:E0000000:A:0:TestRecords
T:000F:F0000000:A:0:TestRecords
E:0012:0000:0010:0000:TestRecords
H:SimpleRelocate:0FFC:0004:0FFC:2012001,23,55,00:0001:URBAN-ASM:SimpleRelocate
T:0FFC:00000000:R:0:SimpleRelocate
T:0FFD:00000FFF:R:0:SimpleRelocate
T:0FFE:FFFFFFFF:R:0:SimpleRelocate
T:0FFF:FFFFF000:R:0:SimpleRelocate
E:0006:0000:0004:0000:SimpleRelocate
