H:TestRecords:0000:0000:0010:2012146,07,46,20:URBAN-LLM:0019:TestRecords
T:000000:00000000:TestRecords
T:000009:00090000:TestRecords
T:00000C:0C000000:TestRecords
E:0005:0003:TestRecords
