Label          	Local Addr	Adjustment	Reloc. Addr	Module Len
TRGTTEST       	         0	         0	          0	        20
