H:TRGTTEST:0000:0000:0014:2012151,07,40,15:URBAN-LLM:0019:TRGTTEST
T:000000:88000000:TRGTTEST
T:000001:89C00FFF:TRGTTEST
T:000002:F4000000:TRGTTEST
T:000003:F4000000:TRGTTEST
T:000004:894007D0:TRGTTEST
T:000005:F4000000:TRGTTEST
T:000006:F4000000:TRGTTEST
T:000007:F4000000:TRGTTEST
T:000008:F4000000:TRGTTEST
T:000009:F4000000:TRGTTEST
T:00000C:F4000000:TRGTTEST
T:00000D:F4000000:TRGTTEST
T:000010:F4000000:TRGTTEST
T:000011:F4000000:TRGTTEST
T:000012:F4000000:TRGTTEST
T:000013:F4000000:TRGTTEST
E:0012:0010:TRGTTEST
