Label          	Local Addr	Adjustment	Reloc. Addr	Module Len
TRLTTEST       	         0	         0	          0	        20
