Label          	Local Addr	Adjustment	Reloc. Addr	Module Len
adder          	         0	         0	          0	        22
