Label          	Local Addr	Adjustment	Reloc. Addr	Module Len
ALT2           	         4	         0	          4	        42
