H:ANDTEST:0000:002B:0000:2012136,23,30,16:0019:URBAN-ASM:ANDTEST
T:0000:78000000:R:0:ANDTEST
T:0001:78400064:R:0:ANDTEST
T:0002:790803E8:R:0:ANDTEST
T:0003:798808AE:R:0:ANDTEST
T:0004:F4000000:A:0:ANDTEST
T:0005:F4000000:A:0:ANDTEST
T:0006:F4000000:A:0:ANDTEST
T:0007:7800002A:R:0:ANDTEST
T:0008:7840002A:R:0:ANDTEST
T:0009:78800001:R:0:ANDTEST
T:000A:78400000:R:0:ANDTEST
T:000B:7888002A:R:0:ANDTEST
T:000C:7800000C:R:0:ANDTEST
T:000D:78000017:R:0:ANDTEST
T:000E:F4000000:A:0:ANDTEST
T:000F:F4000000:A:0:ANDTEST
T:0010:F4000000:A:0:ANDTEST
T:0011:F4000000:A:0:ANDTEST
T:0012:F4000000:A:0:ANDTEST
T:0013:F4000000:A:0:ANDTEST
T:0014:F4000000:A:0:ANDTEST
T:0015:F4000000:A:0:ANDTEST
T:0016:F4000000:A:0:ANDTEST
T:0018:F4000000:A:0:ANDTEST
T:0019:F4000000:A:0:ANDTEST
T:001A:F4000000:A:0:ANDTEST
T:0023:F4000000:A:0:ANDTEST
T:0024:F4000000:A:0:ANDTEST
T:0025:F4000000:A:0:ANDTEST
T:0026:F4000000:A:0:ANDTEST
T:0027:F4000000:A:0:ANDTEST
T:0028:F4000000:R:0:ANDTEST
T:0029:F4000000:A:0:ANDTEST
T:002A:00000000:A:0:ANDTEST
E:0024:0000:0022:0000:ANDTEST
