H::0000:0000:0000:2012151,07,40,15:URBAN-LLM:0019:
E:0002:0000:
