H:CLRTEST:0000:000B:0000:2012136,23,30,16:0019:URBAN-ASM:CLRTEST
T:0000:40400000:A:0:CLRTEST
T:0001:41C00000:A:0:CLRTEST
T:0002:40080000:A:0:CLRTEST
T:0003:F4000000:A:0:CLRTEST
T:0004:40000000:A:0:CLRTEST
T:0009:F4000000:A:0:CLRTEST
T:000A:F4000000:A:0:CLRTEST
E:0009:0000:0007:0000:CLRTEST
