Label          	Local Addr	Adjustment	Reloc. Addr	Module Len
CLRXTEST       	         0	         0	          0	         5
