Label          	Local Addr	Adjustment	Reloc. Addr	Module Len
SCBLNK         	        20	         0	         20	         2
