H:CWSRTEST:0000:0000:0014:2012151,07,40,15:URBAN-LLM:0019:CWSRTEST
T:000000:F4000000:CWSRTEST
T:000001:F4000000:CWSRTEST
T:000002:F4000000:CWSRTEST
T:000003:F4000000:CWSRTEST
T:000004:F4000000:CWSRTEST
T:000005:F4000000:CWSRTEST
T:000006:F4000000:CWSRTEST
T:000007:F4000000:CWSRTEST
T:000008:F4000000:CWSRTEST
T:000009:F4000000:CWSRTEST
T:00000A:F4000000:CWSRTEST
T:00000B:F4000000:CWSRTEST
T:00000C:F4000000:CWSRTEST
T:00000D:F4000000:CWSRTEST
T:00000E:F4000000:CWSRTEST
T:00000F:F4000000:CWSRTEST
T:000010:F4000000:CWSRTEST
T:000011:F4000000:CWSRTEST
T:000012:F4000000:CWSRTEST
T:000013:F4000000:CWSRTEST
E:0016:0014:CWSRTEST
