H:eq:0000:0100:0109:2012151,07,40,15:URBAN-LLM:0019:eq
T:000100:00000021:eq
T:000101:FFFFFFF6:eq
T:000102:00000100:eq
T:000103:00000300:eq
T:000104:00000500:eq
T:000105:FFFFFFD8:eq
T:000106:FFFFFF60:eq
T:000107:FFFFFD80:eq
T:000108:FFFFF600:eq
E:000B:0009:eq
