H:EXPBND:0000:0000:0003:2012151,07,40,15:URBAN-LLM:0019:EXPBND
T:000000:FFFFFFFF:EXPBND
T:000001:FFFFFFFF:EXPBND
T:000002:00000001:EXPBND
E:0005:0003:EXPBND
