H:InvalidHex:0000:5010:0100:2012145,15,04,36:URBAN-LLM:0019:InvalidHex
E:0002:0000:InvalidHex
