Label          	Local Addr	Adjustment	Reloc. Addr	Module Len
IRKBTEST       	         0	         0	          0	        20
