H:ISHLTEST:0000:0000:000A:2012151,07,40,15:URBAN-LLM:0019:ISHLTEST
T:000000:F4000000:ISHLTEST
T:000001:F4000000:ISHLTEST
T:000002:F4000000:ISHLTEST
T:000003:F4000000:ISHLTEST
T:000004:F4000000:ISHLTEST
T:000005:F4000000:ISHLTEST
T:000006:F4000000:ISHLTEST
T:000007:F4000000:ISHLTEST
T:000008:F4000000:ISHLTEST
T:000009:F4000000:ISHLTEST
E:000C:000A:ISHLTEST
