Label          	Local Addr	Adjustment	Reloc. Addr	Module Len
ISHLTEST       	         0	         0	          0	        10
