Label          	Local Addr	Adjustment	Reloc. Addr	Module Len
ISLATEST       	         0	         0	          0	        10
