Label          	Local Addr	Adjustment	Reloc. Addr	Module Len
ISRATEST       	         0	         0	          0	        10
