Label          	Local Addr	Adjustment	Reloc. Addr	Module Len
ISUBTEST       	         0	         0	          0	        43
