H:test:0000:0000:03E8:2012151,07,40,15:URBAN-LLM:0019:test
E:0002:0000:test
