Label          	Local Addr	Adjustment	Reloc. Addr	Module Len
MOVDTEST       	         0	         0	          0	        43
