Label          	Local Addr	Adjustment	Reloc. Addr	Module Len
OPVAL          	         0	         0	          0	        24
