Label          	Local Addr	Adjustment	Reloc. Addr	Module Len
ROLTEST        	         0	         0	          0	        10
