H:RORTEST:0000:0000:000A:2012151,07,40,15:URBAN-LLM:0019:RORTEST
T:000000:F4000000:RORTEST
T:000001:F4000000:RORTEST
T:000002:F4000000:RORTEST
T:000003:F4000000:RORTEST
T:000004:F4000000:RORTEST
T:000005:F4000000:RORTEST
T:000006:F4000000:RORTEST
T:000007:F4000000:RORTEST
T:000008:F4000000:RORTEST
T:000009:F4000000:RORTEST
E:000C:000A:RORTEST
