Label          	Local Addr	Adjustment	Reloc. Addr	Module Len
Filler         	         0	         0	          0	        16
Relocation     	         0	        16	         16	         4
