H:TestRecords:0000:0000:1000:2012146,07,36,50:URBAN-LLM:0019:TestRecords
T:000000:00000000:TestRecords
T:000001:00000001:TestRecords
T:000002:00000020:TestRecords
T:000003:00000030:TestRecords
T:000004:00000400:TestRecords
T:000005:00000500:TestRecords
T:000006:00006000:TestRecords
T:000007:00007000:TestRecords
T:000008:00080000:TestRecords
T:000009:00090000:TestRecords
T:00000A:00A00000:TestRecords
T:00000B:00B00000:TestRecords
T:00000C:0C000000:TestRecords
T:00000D:0D000000:TestRecords
T:00000E:E0000000:TestRecords
T:00000F:F0000000:TestRecords
T:000FFC:00000000:TestRecords
T:000FFD:00000FFF:TestRecords
T:000FFE:FFFFFFFF:TestRecords
T:000FFF:FFFFF000:TestRecords
E:0016:0014:TestRecords