Label          	Local Addr	Adjustment	Reloc. Addr	Module Len
TRDRTEST       	         0	         0	          0	        20
