H:TREQTEST:0000:0000:0014:2012151,07,40,15:URBAN-LLM:0019:TREQTEST
T:000000:80000000:TREQTEST
T:000001:81C00FFF:TREQTEST
T:000002:F4000000:TREQTEST
T:000003:F4000000:TREQTEST
T:000004:814007D0:TREQTEST
T:000005:F4000000:TREQTEST
T:000006:F4000000:TREQTEST
T:000007:F4000000:TREQTEST
T:000008:F4000000:TREQTEST
T:000009:F4000000:TREQTEST
T:00000C:F4000000:TREQTEST
T:00000D:F4000000:TREQTEST
T:000010:F4000000:TREQTEST
T:000011:F4000000:TREQTEST
T:000012:F4000000:TREQTEST
T:000013:F4000000:TREQTEST
E:0012:0010:TREQTEST
